Script started on Monday 17 February 2020 09:34:31 AM IST
]0;s4c1@lab2-Veriton-Series: ~/ceccs18c25/cs232/1702[01;32ms4c1@lab2-Veriton-Series[00m:[01;34m~/ceccs18c25/cs232/1702[00m$ ssh cs18c25@192.168.0.30
.
              |
.  .    . .-. | .-..-. .--.--. .-.
 \  \  / (.-' |(  (   )|  |  |(.-'
  `' `'   `--'` `-'`-' '  '  ` `--'
cs18c25@192.168.0.30's password: 
Welcome to elementary OS 0.4.1 Loki (GNU/Linux 4.13.0-32-generic x86_64)

 * Website:  http://elementary.io/

402 packages can be updated.
0 updates are security updates.

$ scp work.txt cs18                 rsync -av         ls
3101  cs232  examples.desktop
$ touch abc.txt    
$ ls
3101  abc  cs232  examples.desktop
$ rm abc
$ ls
3101  cs232  examples.desktop
$ sc  rsync -av  /1702/ abc           1702/ abc   test/
sending incremental file list
rsync: change_dir "/home/cs18c25//1702" failed: No such file or directory (2)
created directory test

sent 20 bytes  received 39 bytes  118.00 bytes/sec
total size is 0  speedup is 0.00
rsync error: some files/attrs were not transferred (see previous errors) (code 23) at main.c(1183) [sender=3.1.1]
$ scp report.txt cs18c25@192.168.0.30^[[D^[[D                                       work.txt cs189 c25@192.168.0.30:1702                                  report.txt cs18c25@192.168.0.30:1702
The authenticity of host '192.168.0.30 (192.168.0.30)' can't be established.
ECDSA key fingerprint is SHA256:pkLWQEXAwg4Zdh5CXNYydUTPcU7dwDFxyzJnqJ01m/s.
Are you sure you want to continue connecting (yes/no)? y
Please type 'yes' or 'no': yes
Warning: Permanently added '192.168.0.30' (ECDSA) to the list of known hosts.
.
              |
.  .    . .-. | .-..-. .--.--. .-.
 \  \  / (.-' |(  (   )|  |  |(.-'
  `' `'   `--'` `-'`-' '  '  ` `--'
cs18c25@192.168.0.30's password: 
report.txt: No such file or directory
$ scp work.txt cs18c25@192.168.0.30:1702
.
              |
.  .    . .-. | .-..-. .--.--. .-.
 \  \  / (.-' |(  (   )|  |  |(.-'
  `' `'   `--'` `-'`-' '  '  ` `--'
cs18c25@192.168.0.30's password: 
work.txt: No such file or directory
$ ls
3101  cs232  examples.desktop  test
$ exit
Connection to 192.168.0.30 closed.
]0;s4c1@lab2-Veriton-Series: ~/ceccs18c25/cs232/1702[01;32ms4c1@lab2-Veriton-Series[00m:[01;34m~/ceccs18c25/cs232/1702[00m$ mkdir xyz
]0;s4c1@lab2-Veriton-Series: ~/ceccs18c25/cs232/1702[01;32ms4c1@lab2-Veriton-Series[00m:[01;34m~/ceccs18c25/cs232/1702[00m$ ls
work.txt  [0m[01;34mxyz[0m
]0;s4c1@lab2-Veriton-Series: ~/ceccs18c25/cs232/1702[01;32ms4c1@lab2-Veriton-Series[00m:[01;34m~/ceccs18c25/cs232/1702[00m$ ssh cs18c25@192.168.0.30
.
              |
.  .    . .-. | .-..-. .--.--. .-.
 \  \  / (.-' |(  (   )|  |  |(.-'
  `' `'   `--'` `-'`-' '  '  ` `--'
cs18c25@192.168.0.30's password: 
Welcome to elementary OS 0.4.1 Loki (GNU/Linux 4.13.0-32-generic x86_64)

 * Website:  http://elementary.io/

402 packages can be updated.
0 updates are security updates.

Last login: Mon Feb 17 09:37:38 2020 from 192.168.0.173
$ mkdir ab
$ ls
3101  ab  cs232  examples.desktop  test
$ exit
Connection to 192.168.0.30 closed.
]0;s4c1@lab2-Veriton-Series: ~/ceccs18c25/cs232/1702[01;32ms4c1@lab2-Veriton-Series[00m:[01;34m~/ceccs18c25/cs232/1702[00m$ pwd
/home/s4c1/ceccs18c25/cs232/1702
]0;s4c1@lab2-Veriton-Series: ~/ceccs18c25/cs232/1702[01;32ms4c1@lab2-Veriton-Series[00m:[01;34m~/ceccs18c25/cs232/1702[00m$ cd ..
]0;s4c1@lab2-Veriton-Series: ~/ceccs18c25/cs232[01;32ms4c1@lab2-Veriton-Series[00m:[01;34m~/ceccs18c25/cs232[00m$ rsync -av[K 1702 cs18c25@192.168.0.30: ab
.
              |
.  .    . .-. | .-..-. .--.--. .-.
 \  \  / (.-' |(  (   )|  |  |(.-'
  `' `'   `--'` `-'`-' '  '  ` `--'
cs18c25@192.168.0.30's password: 
]0;s4c1@lab2-Veriton-Series: ~/ceccs18c25/cs232[01;32ms4c1@lab2-Veriton-Series[00m:[01;34m~/ceccs18c25/cs232[00m$ ssh [K18c[K[K[K cs18c25@192.168.0.30
.
              |
.  .    . .-. | .-..-. .--.--. .-.
 \  \  / (.-' |(  (   )|  |  |(.-'
  `' `'   `--'` `-'`-' '  '  ` `--'
cs18c25@192.168.0.30's password: 
Welcome to elementary OS 0.4.1 Loki (GNU/Linux 4.13.0-32-generic x86_64)

 * Website:  http://elementary.io/

402 packages can be updated.
0 updates are security updates.

Last login: Mon Feb 17 10:30:51 2020 from 192.168.0.173
$ ls
3101  ab  cs232  examples.desktop  test
$ exit
Connection to 192.168.0.30 closed.
]0;s4c1@lab2-Veriton-Series: ~/ceccs18c25/cs232[01;32ms4c1@lab2-Veriton-Series[00m:[01;34m~/ceccs18c25/cs232[00m$ script work.txt
Script started, file is work.txt
]0;s4c1@lab2-Veriton-Series: ~/ceccs18c25/cs232[01;32ms4c1@lab2-Veriton-Series[00m:[01;34m~/ceccs18c25/cs232[00m$ sftp cs18c53@192.168.0.30[K[K[K[K[K[K[K[K[K[K[K[K[K[K[K[K[K[K[K[K[K[K[K[K[Kcd 1702
]0;s4c1@lab2-Veriton-Series: ~/ceccs18c25/cs232/1702[01;32ms4c1@lab2-Veriton-Series[00m:[01;34m~/ceccs18c25/cs232/1702[00m$ pdftotext -layout result_CHN.p df result_CHN[K[K[Kcs[K[KCHN.txt
]0;s4c1@lab2-Veriton-Series: ~/ceccs18c25/cs232/1702[01;32ms4c1@lab2-Veriton-Series[00m:[01;34m~/ceccs18c25/cs232/1702[00m$ grep --no-group-separator -A3  "CHN!*CS[K[K[K[K18CS" result_CHN.txt > result_cs.txt
]0;s4c1@lab2-Veriton-Series: ~/ceccs18c25/cs232/1702[01;32ms4c1@lab2-Veriton-Series[00m:[01;34m~/ceccs18c25/cs232/1702[00m$ s[Kcd s1c[K[K[K[K[K[Kcd s1
]0;s4c1@lab2-Veriton-Series: ~/ceccs18c25/cs232/1702/s1[01;32ms4c1@lab2-Veriton-Series[00m:[01;34m~/ceccs18c25/cs232/1702/s1[00m$ chmod +x script.sh
]0;s4c1@lab2-Veriton-Series: ~/ceccs18c25/cs232/1702/s1[01;32ms4c1@lab2-Veriton-Series[00m:[01;34m~/ceccs18c25/cs232/1702/s1[00m$ gedit student [Ks.txt
]0;s4c1@lab2-Veriton-Series: ~/ceccs18c25/cs232/1702/s1[01;32ms4c1@lab2-Veriton-Series[00m:[01;34m~/ceccs18c25/cs232/1702/s1[00m$ gedit students.txt
^C
]0;s4c1@lab2-Veriton-Series: ~/ceccs18c25/cs232/1702/s1[01;32ms4c1@lab2-Veriton-Series[00m:[01;34m~/ceccs18c25/cs232/1702/s1[00m$ gedit students.txt
^C
]0;s4c1@lab2-Veriton-Series: ~/ceccs18c25/cs232/1702/s1[01;32ms4c1@lab2-Veriton-Series[00m:[01;34m~/ceccs18c25/cs232/1702/s1[00m$ ./script.sh
I/O Error: Couldn't open file 'result_CHN.pdf': No such file or directory.
grep: result_CHN.txt: No such file or directory
]0;s4c1@lab2-Veriton-Series: ~/ceccs18c25/cs232/1702/s1[01;32ms4c1@lab2-Veriton-Series[00m:[01;34m~/ceccs18c25/cs232/1702/s1[00m$ ./script.sh
]0;s4c1@lab2-Veriton-Series: ~/ceccs18c25/cs232/1702/s1[01;32ms4c1@lab2-Veriton-Series[00m:[01;34m~/ceccs18c25/cs232/1702/s1[00m$ gedit cgpa.txt
]0;s4c1@lab2-Veriton-Series: ~/ceccs18c25/cs232/1702/s1[01;32ms4c1@lab2-Veriton-Series[00m:[01;34m~/ceccs18c25/cs232/1702/s1[00m$ gedit report.txt
]0;s4c1@lab2-Veriton-Series: ~/ceccs18c25/cs232/1702/s1[01;32ms4c1@lab2-Veriton-Series[00m:[01;34m~/ceccs18c25/cs232/1702/s1[00m$ gedit report.txt
]0;s4c1@lab2-Veriton-Series: ~/ceccs18c25/cs232/1702/s1[01;32ms4c1@lab2-Veriton-Series[00m:[01;34m~/ceccs18c25/cs232/1702/s1[00m$ sftp ceccs18c25@192.168.0.3 0[K[A[C[C[C[C[C[C[C[C[C[C[C[C[C[C[C[C[C[C[C[C[C[C[C[C[C[C[C[C[C[C[C[C[C[C[C[C[C[C[C[C[C[C[C[C[C[C[C[C[C[C[C[C[C[C[C[C[C[C[C[C[C[C[C[C[C[C[C[C[C[C[C[C[C[C[C[C[C[C[C[K
[K[A[C[C[C[C[C[C[C[C[C[C[C[C[C[C[C[C[C[C[C[C[C[C[C[C[C[C[C[C[C[C[C[C[C[C[C[C[C[C[C[C[C[C[C[C[C[C[C[C[C[C[C[C[C[C[C[C[C[C[C[C[C[C[C[C[C[C[C[C[C[C[C[C[C[C[C[C[C[C[C[K[K[K[K[K[K[K[K[K[K[K[K[K[K[K[K[K[K[K[K[Kcs18c25@192.168.0.30
.
              |
.  .    . .-. | .-..-. .--.--. .-.
 \  \  / (.-' |(  (   )|  |  |(.-'
  `' `'   `--'` `-'`-' '  '  ` `--'
cs18c25@192.168.0.30's password: 
Connected 